I'm sorry, but errors were detected in your script. Please correct the
errors listed below, and try again.


The label start is defined twice, at File "game/atos/ato3.rpy", line 17:
label start:
and File "game/script.rpy", line 11:
label start:


Ren'Py Version: Ren'Py 8.5.2.26010301
Thu Jan 15 12:00:49 2026
